// Vitest Snapshot v1, https://vitest.dev/guide/snapshot.html

exports[`TableHeader > matches snapshot 1`] = `
<div>
  <table>
    <thead>
      <tr>
        <th
          class=" px-3 py-2 text-left font-semibold select-none"
        >
          Index
        </th>
        <th
          class="cursor-pointer px-3 py-2 text-left font-semibold select-none"
        >
          Date
           ▲
        </th>
        <th
          class="cursor-pointer px-3 py-2 text-left font-semibold select-none"
        >
          Channel
        </th>
        <th
          class="cursor-pointer px-3 py-2 text-left font-semibold select-none"
        >
          Sales
        </th>
      </tr>
    </thead>
  </table>
</div>
`;
